// Jest Snapshot v1, https://goo.gl/fbAQLP

exports[`Home should match default 1`] = `<div />`;
